{
    "project_dest_folder": "dest/projects/project2",
    "runtime_path": "assets/project2/ws_runtime.json",
    "cache_folder": "dest/project2/prev",
    "types_paths": [
        "assets/project2/types_default.json",
        "assets/project2/types_contexts_data.json"
    ],
    "contexts_paths": [
        "assets/project2/contexts/lContext1.json",
        "assets/project2/contexts/lContext2.json"
    ],
    "executors_paths": [
        "assets/project2/executors/executor1.json",
        "assets/project2/executors/executor2.json"
    ]
}
